{
    "stub": {
        "content": [
            {
                "0": [
                    [
                        {
                            "id": "test_stub"
                        },
                        "test_stub_config.yaml:md5,d41d8cd98f00b204e9800998ecf8427e"
                    ]
                ],
                "1": [
                    [
                        {
                            "id": "test_stub"
                        },
                        "last.ckpt:md5,d41d8cd98f00b204e9800998ecf8427e"
                    ]
                ],
                "2": [
                    "versions.yml:md5,f07a1cfc3c7ae8c20b8b00def0837cf0"
                ],
                "config": [
                    [
                        {
                            "id": "test_stub"
                        },
                        "test_stub_config.yaml:md5,d41d8cd98f00b204e9800998ecf8427e"
                    ]
                ],
                "model": [
                    [
                        {
                            "id": "test_stub"
                        },
                        "last.ckpt:md5,d41d8cd98f00b204e9800998ecf8427e"
                    ]
                ],
                "versions": [
                    "versions.yml:md5,f07a1cfc3c7ae8c20b8b00def0837cf0"
                ]
            }
        ],
        "meta": {
            "nf-test": "0.9.3",
            "nextflow": "25.10.4"
        },
        "timestamp": "2026-04-21T18:22:44.468450987"
    },
    "care": {
        "content": [
            {
                "0": [
                    [
                        {
                            "id": "test_care"
                        },
                        "config.yaml:md5,d893b720c8d69955f4155eafabac9df5"
                    ]
                ],
                "1": [
                    [
                        {
                            "id": "test_care"
                        },
                        "last.ckpt:md5,8bcba8da7965f3a920ba39e0496d9d25"
                    ]
                ],
                "2": [
                    "versions.yml:md5,f07a1cfc3c7ae8c20b8b00def0837cf0"
                ],
                "config": [
                    [
                        {
                            "id": "test_care"
                        },
                        "config.yaml:md5,d893b720c8d69955f4155eafabac9df5"
                    ]
                ],
                "model": [
                    [
                        {
                            "id": "test_care"
                        },
                        "last.ckpt:md5,8bcba8da7965f3a920ba39e0496d9d25"
                    ]
                ],
                "versions": [
                    "versions.yml:md5,f07a1cfc3c7ae8c20b8b00def0837cf0"
                ]
            }
        ],
        "meta": {
            "nf-test": "0.9.3",
            "nextflow": "25.10.4"
        },
        "timestamp": "2026-04-21T18:22:29.856596605"
    }
}