{
    "stub": {
        "content": [
            {
                "0": [
                    [
                        {
                            "id": "test_stub"
                        },
                        "test_stub_denoised.tiff:md5,d41d8cd98f00b204e9800998ecf8427e"
                    ]
                ],
                "1": [
                    "versions.yml:md5,150eb066a3835d6743075b3a48d2e14a"
                ],
                "predictions": [
                    [
                        {
                            "id": "test_stub"
                        },
                        "test_stub_denoised.tiff:md5,d41d8cd98f00b204e9800998ecf8427e"
                    ]
                ],
                "versions": [
                    "versions.yml:md5,150eb066a3835d6743075b3a48d2e14a"
                ]
            }
        ],
        "meta": {
            "nf-test": "0.9.3",
            "nextflow": "25.10.2"
        },
        "timestamp": "2026-04-17T11:02:42.152481349"
    },
    "predictions": {
        "content": [
            {
                "0": [
                    [
                        {
                            "id": "test_predict"
                        },
                        "test.tiff:md5,abd1289a8e19e17b15275b21886e7518"
                    ]
                ],
                "1": [
                    "versions.yml:md5,150eb066a3835d6743075b3a48d2e14a"
                ],
                "predictions": [
                    [
                        {
                            "id": "test_predict"
                        },
                        "test.tiff:md5,abd1289a8e19e17b15275b21886e7518"
                    ]
                ],
                "versions": [
                    "versions.yml:md5,150eb066a3835d6743075b3a48d2e14a"
                ]
            }
        ],
        "meta": {
            "nf-test": "0.9.3",
            "nextflow": "25.10.2"
        },
        "timestamp": "2026-04-17T11:02:17.181566695"
    }
}