{
    "stub": {
        "content": [
            {
                "0": [
                    [
                        {
                            "id": "test_stub",
                            "algorithm": "n2n"
                        },
                        "test_stub_config.yaml:md5,d41d8cd98f00b204e9800998ecf8427e"
                    ]
                ],
                "1": [
                    [
                        {
                            "id": "test_stub",
                            "algorithm": "n2n"
                        },
                        "last.ckpt:md5,d41d8cd98f00b204e9800998ecf8427e"
                    ]
                ],
                "2": [
                    "versions.yml:md5,ee5a29c398ead570f33fdf32b2afee69"
                ],
                "config": [
                    [
                        {
                            "id": "test_stub",
                            "algorithm": "n2n"
                        },
                        "test_stub_config.yaml:md5,d41d8cd98f00b204e9800998ecf8427e"
                    ]
                ],
                "model": [
                    [
                        {
                            "id": "test_stub",
                            "algorithm": "n2n"
                        },
                        "last.ckpt:md5,d41d8cd98f00b204e9800998ecf8427e"
                    ]
                ],
                "versions": [
                    "versions.yml:md5,ee5a29c398ead570f33fdf32b2afee69"
                ]
            }
        ],
        "meta": {
            "nf-test": "0.9.3",
            "nextflow": "25.10.4"
        },
        "timestamp": "2026-04-21T18:30:51.344353475"
    },
    "n2n": {
        "content": [
            {
                "0": [
                    
                ],
                "1": [
                    
                ],
                "2": [
                    
                ],
                "config": [
                    
                ],
                "model": [
                    
                ],
                "versions": [
                    
                ]
            }
        ],
        "meta": {
            "nf-test": "0.9.3",
            "nextflow": "25.10.4"
        },
        "timestamp": "2026-04-21T18:30:36.529389098"
    }
}